<!doctype html>
<html lang="ru">
<head>
    <base href="/">
    <meta http-equiv="Content-Type" content="text/html; charset=utf-8" />
    <meta name="viewport" content="width=device-width, initial-scale=1.0">
    <meta http-equiv="X-UA-Compatible" content="IE=edge,chrome=1" />
    <title>Test smart-assets</title>

    <link rel="stylesheet" type="text/css" href="/dist/library/bootstrap/css/bootstrap.css?ad6381eb" />
    <link rel="stylesheet" type="text/css" href="/dist/library/ng/angular-loading-bar.min.css?198f9836" />
    <link rel="stylesheet" type="text/css" href="/dist/library/css/animate.min.css?48b336bb" />
    <link rel="stylesheet" type="text/css" href="/dist/css/cover.css?3e5b7f67" />
    <link rel="stylesheet" type="text/css" href="/dist/css/main.css?2bd5d1c2" />
    <link rel="stylesheet" type="text/css" href="/dist/sass/starting.css?255a3190">

</head>
<body>
<div class="site-wrapper">
    <div class="site-wrapper-inner">

        <div class="cover-container" ui-view>

        </div>

        <div ng-hide="loading" class="container" ui-view="info">

        </div>

    </div>

</div>

<script type="text/javascript" src="/dist/library/ng/angular.min.js?4461ff2a"></script>
<script type="text/javascript" src="/dist/library/ng/angular-resource.min.js?88b1405b"></script>
<script type="text/javascript" src="/dist/library/ng/angular-route.min.js?bdb64270"></script>
<script type="text/javascript" src="/dist/library/ng/angular-ui-router.min.js?e970bf8b"></script>

<script type="text/javascript" src="/dist/library/js/jquery.min.js?d021c983"></script>
<script type="text/javascript" src="/dist/library/bootstrap/js/bootstrap.js?d5a03d9c"></script>


<script type="text/javascript" src="/dist/library/js/require.js?640929da" data-main="/dist/ng/main"></script>


</body>
</html>
